// Jest Snapshot v1, https://goo.gl/fbAQLP

exports[`App renders correctly 1`] = `
ShallowWrapper {
  "length": 1,
  Symbol(enzyme.__root__): [Circular],
  Symbol(enzyme.__unrendered__): <App />,
  Symbol(enzyme.__renderer__): Object {
    "batchedUpdates": [Function],
    "getNode": [Function],
    "render": [Function],
    "simulateEvent": [Function],
    "unmount": [Function],
  },
  Symbol(enzyme.__node__): Object {
    "instance": null,
    "key": undefined,
    "nodeType": "host",
    "props": Object {
      "children": Array [
        <withStyles(TopNav) />,
        <MembershipTrend />,
        <withStyles(Attendance) />,
        <iframe
          frameBorder="0"
          height="485"
          src="http://meetu.ps/3fFbyY"
          title="meetup-details"
          width="250"
/>,
        <footer
          className="app-footer"
>
          <img
                    alt="logo"
                    className="app-logo"
                    src="logo.svg"
          />
          <p>
                    A community project of 
                    <a
                              href="https://www.call-em-all.com/careers"
                              tabIndex={0}
                    >
                              Call-Em-All
                    </a>
          </p>
          <img
                    alt="logo"
                    className="app-logo-2"
                    src="logo.svg"
          />
</footer>,
      ],
      "className": "app",
    },
    "ref": null,
    "rendered": Array [
      Object {
        "instance": null,
        "key": undefined,
        "nodeType": "class",
        "props": Object {},
        "ref": null,
        "rendered": null,
        "type": [Function],
      },
      Object {
        "instance": null,
        "key": undefined,
        "nodeType": "function",
        "props": Object {},
        "ref": null,
        "rendered": null,
        "type": [Function],
      },
      Object {
        "instance": null,
        "key": undefined,
        "nodeType": "class",
        "props": Object {},
        "ref": null,
        "rendered": null,
        "type": [Function],
      },
      Object {
        "instance": null,
        "key": undefined,
        "nodeType": "host",
        "props": Object {
          "frameBorder": "0",
          "height": "485",
          "src": "http://meetu.ps/3fFbyY",
          "title": "meetup-details",
          "width": "250",
        },
        "ref": null,
        "rendered": null,
        "type": "iframe",
      },
      Object {
        "instance": null,
        "key": undefined,
        "nodeType": "host",
        "props": Object {
          "children": Array [
            <img
              alt="logo"
              className="app-logo"
              src="logo.svg"
/>,
            <p>
              A community project of 
              <a
                            href="https://www.call-em-all.com/careers"
                            tabIndex={0}
              >
                            Call-Em-All
              </a>
</p>,
            <img
              alt="logo"
              className="app-logo-2"
              src="logo.svg"
/>,
          ],
          "className": "app-footer",
        },
        "ref": null,
        "rendered": Array [
          Object {
            "instance": null,
            "key": undefined,
            "nodeType": "host",
            "props": Object {
              "alt": "logo",
              "className": "app-logo",
              "src": "logo.svg",
            },
            "ref": null,
            "rendered": null,
            "type": "img",
          },
          Object {
            "instance": null,
            "key": undefined,
            "nodeType": "host",
            "props": Object {
              "children": Array [
                "A community project of ",
                <a
                  href="https://www.call-em-all.com/careers"
                  tabIndex={0}
>
                  Call-Em-All
</a>,
              ],
            },
            "ref": null,
            "rendered": Array [
              "A community project of ",
              Object {
                "instance": null,
                "key": undefined,
                "nodeType": "host",
                "props": Object {
                  "children": "Call-Em-All",
                  "href": "https://www.call-em-all.com/careers",
                  "tabIndex": 0,
                },
                "ref": null,
                "rendered": "Call-Em-All",
                "type": "a",
              },
            ],
            "type": "p",
          },
          Object {
            "instance": null,
            "key": undefined,
            "nodeType": "host",
            "props": Object {
              "alt": "logo",
              "className": "app-logo-2",
              "src": "logo.svg",
            },
            "ref": null,
            "rendered": null,
            "type": "img",
          },
        ],
        "type": "footer",
      },
    ],
    "type": "div",
  },
  Symbol(enzyme.__nodes__): Array [
    Object {
      "instance": null,
      "key": undefined,
      "nodeType": "host",
      "props": Object {
        "children": Array [
          <withStyles(TopNav) />,
          <MembershipTrend />,
          <withStyles(Attendance) />,
          <iframe
            frameBorder="0"
            height="485"
            src="http://meetu.ps/3fFbyY"
            title="meetup-details"
            width="250"
/>,
          <footer
            className="app-footer"
>
            <img
                        alt="logo"
                        className="app-logo"
                        src="logo.svg"
            />
            <p>
                        A community project of 
                        <a
                                    href="https://www.call-em-all.com/careers"
                                    tabIndex={0}
                        >
                                    Call-Em-All
                        </a>
            </p>
            <img
                        alt="logo"
                        className="app-logo-2"
                        src="logo.svg"
            />
</footer>,
        ],
        "className": "app",
      },
      "ref": null,
      "rendered": Array [
        Object {
          "instance": null,
          "key": undefined,
          "nodeType": "class",
          "props": Object {},
          "ref": null,
          "rendered": null,
          "type": [Function],
        },
        Object {
          "instance": null,
          "key": undefined,
          "nodeType": "function",
          "props": Object {},
          "ref": null,
          "rendered": null,
          "type": [Function],
        },
        Object {
          "instance": null,
          "key": undefined,
          "nodeType": "class",
          "props": Object {},
          "ref": null,
          "rendered": null,
          "type": [Function],
        },
        Object {
          "instance": null,
          "key": undefined,
          "nodeType": "host",
          "props": Object {
            "frameBorder": "0",
            "height": "485",
            "src": "http://meetu.ps/3fFbyY",
            "title": "meetup-details",
            "width": "250",
          },
          "ref": null,
          "rendered": null,
          "type": "iframe",
        },
        Object {
          "instance": null,
          "key": undefined,
          "nodeType": "host",
          "props": Object {
            "children": Array [
              <img
                alt="logo"
                className="app-logo"
                src="logo.svg"
/>,
              <p>
                A community project of 
                <a
                                href="https://www.call-em-all.com/careers"
                                tabIndex={0}
                >
                                Call-Em-All
                </a>
</p>,
              <img
                alt="logo"
                className="app-logo-2"
                src="logo.svg"
/>,
            ],
            "className": "app-footer",
          },
          "ref": null,
          "rendered": Array [
            Object {
              "instance": null,
              "key": undefined,
              "nodeType": "host",
              "props": Object {
                "alt": "logo",
                "className": "app-logo",
                "src": "logo.svg",
              },
              "ref": null,
              "rendered": null,
              "type": "img",
            },
            Object {
              "instance": null,
              "key": undefined,
              "nodeType": "host",
              "props": Object {
                "children": Array [
                  "A community project of ",
                  <a
                    href="https://www.call-em-all.com/careers"
                    tabIndex={0}
>
                    Call-Em-All
</a>,
                ],
              },
              "ref": null,
              "rendered": Array [
                "A community project of ",
                Object {
                  "instance": null,
                  "key": undefined,
                  "nodeType": "host",
                  "props": Object {
                    "children": "Call-Em-All",
                    "href": "https://www.call-em-all.com/careers",
                    "tabIndex": 0,
                  },
                  "ref": null,
                  "rendered": "Call-Em-All",
                  "type": "a",
                },
              ],
              "type": "p",
            },
            Object {
              "instance": null,
              "key": undefined,
              "nodeType": "host",
              "props": Object {
                "alt": "logo",
                "className": "app-logo-2",
                "src": "logo.svg",
              },
              "ref": null,
              "rendered": null,
              "type": "img",
            },
          ],
          "type": "footer",
        },
      ],
      "type": "div",
    },
  ],
  Symbol(enzyme.__options__): Object {
    "adapter": ReactSixteenAdapter {
      "options": Object {
        "enableComponentDidUpdateOnSetState": true,
      },
    },
  },
}
`;
